// Jest Snapshot v1, https://goo.gl/fbAQLP

exports[`scenarioCreator.init 0 1`] = `undefined`;
