// Jest Snapshot v1, https://goo.gl/fbAQLP

exports[`importCss 0 1`] = `undefined`;

exports[`showErrorCode should show the error code 1`] = `"test<br>Line: 1<br>test<br>"`;
