// Jest Snapshot v1, https://goo.gl/fbAQLP

exports[`nextLaunch.bottomMenuClick 0 1`] = `undefined`;

exports[`nextLaunch.bottomMenuClick 1 1`] = `[Function]`;

exports[`nextLaunch.bottomMenuClick 2 1`] = `undefined`;

exports[`nextLaunch.hideSideMenus 0 1`] = `undefined`;

exports[`nextLaunch.init 0 1`] = `undefined`;

exports[`nextLaunch.initTable 0 1`] = `undefined`;

exports[`nextLaunch.initTable 1 1`] = `undefined`;

exports[`nextLaunch.initTable 2 1`] = `undefined`;

exports[`nextLaunch.uiManagerInit 0 1`] = `undefined`;
