// Jest Snapshot v1, https://goo.gl/fbAQLP

exports[`searchToggle.searchToggle 0 1`] = `undefined`;

exports[`searchToggle.searchToggle 1 1`] = `undefined`;
