// Jest Snapshot v1, https://goo.gl/fbAQLP

exports[`sat2ric.sat2ric 0 1`] = `
Object {
  "position": Float32Array [
    0,
    0,
    0,
  ],
  "velocity": Float32Array [
    0,
    0,
    0,
  ],
}
`;
