// Jest Snapshot v1, https://goo.gl/fbAQLP

exports[`orbitReferences.init 0 1`] = `undefined`;

exports[`orbitReferences.orbitReferencesLinkClick 0 1`] = `undefined`;

exports[`orbitReferences.selectSatData 0 1`] = `undefined`;

exports[`orbitReferences.uiManagerInit 0 1`] = `undefined`;
