// Jest Snapshot v1, https://goo.gl/fbAQLP

exports[`updateSelectBox.updateSelectBox 0 1`] = `undefined`;
