// Jest Snapshot v1, https://goo.gl/fbAQLP

exports[`hideLoadingScreen.hideLoadingScreen 0 1`] = `undefined`;
