// Jest Snapshot v1, https://goo.gl/fbAQLP

exports[`hideUi.hideUi 0 1`] = `undefined`;

exports[`hideUi.hideUi 1 1`] = `undefined`;
