// Jest Snapshot v1, https://goo.gl/fbAQLP

exports[`panToStar.panToStar 0 1`] = `undefined`;
