// Jest Snapshot v1, https://goo.gl/fbAQLP

exports[`reloadLastSensor.reloadLastSensor 0 1`] = `undefined`;
