// Jest Snapshot v1, https://goo.gl/fbAQLP

exports[`satMath.currentEpoch 0 1`] = `
Array [
  "N",
  "000000000NaN",
]
`;

exports[`satMath.currentEpoch 4 1`] = `
Array [
  "N",
  "000000000NaN",
]
`;
