// Jest Snapshot v1, https://goo.gl/fbAQLP

exports[`satMath.getSunTimes 0 1`] = `undefined`;

exports[`satMath.getSunTimes 1 1`] = `undefined`;
