// Jest Snapshot v1, https://goo.gl/fbAQLP

exports[`recorderManager.bottomMenuClick 0 1`] = `undefined`;

exports[`recorderManager.bottomMenuClick 2 1`] = `[Function]`;

exports[`recorderManager.bottomMenuClick 3 1`] = `[Function]`;

exports[`recorderManager.bottomMenuClick 5 1`] = `undefined`;

exports[`recorderManager.init 0 1`] = `undefined`;

exports[`recorderManager.uiManagerInit 0 1`] = `undefined`;

exports[`recorderManager.uiManagerOnReady 0 1`] = `undefined`;
