// Jest Snapshot v1, https://goo.gl/fbAQLP

exports[`findCloseObjects.findCloseObjects 0 1`] = `""`;
