// Jest Snapshot v1, https://goo.gl/fbAQLP

exports[`findBestPasses.findBestPasses 4 1`] = `undefined`;
