// Jest Snapshot v1, https://goo.gl/fbAQLP

exports[`findReentries.findReentries 0 1`] = `"00005,00005"`;
