// Jest Snapshot v1, https://goo.gl/fbAQLP

exports[`findBestPass.findBestPass 0 1`] = `Array []`;
