// Jest Snapshot v1, https://goo.gl/fbAQLP

exports[`satMath.calculateVisMag 0 1`] = `NaN`;

exports[`satMath.calculateVisMag 1 1`] = `NaN`;

exports[`satMath.calculateVisMag 2 1`] = `NaN`;

exports[`satMath.calculateVisMag 3 1`] = `NaN`;

exports[`satMath.calculateVisMag 4 1`] = `NaN`;
